// Jest Snapshot v1, https://goo.gl/fbAQLP

exports[`Accordion atom tests Accordion component render 1`] = `
<div
  class="accordion"
>
  <div>
    <input
      class="accordion-input"
      id="accordion1"
      type="checkbox"
    />
    <label
      class="accordion-label"
      for="accordion1"
    >
      accordion1
      <i
        class="fas fa-chevron-down"
      />
    </label>
    <div
      class="accordion-content"
    />
  </div>
</div>
`;
